

HI-TECH Software PICC-18 Macro Assembler V8.35PL3
Serial number: HCPIC18-33902                           Fri May 14 07:16:25 2010

Licensed to: HOME VER
     1                           	processor	18F2431
     2                           	opt	pw 80
     3                           	psect	__Z33902RS_,global,delta=1
     4                           	psect	text,global,reloc=2,class=CODE,delta=1
     5                           	psect	intcode,global,reloc=2,class=CODE,delta=1
     6                           	psect	intcodelo,global,reloc=2,class=CODE,delta
      +                          =1
     7                           	psect	const,global,class=CODE,delta=1
     8                           	psect	temp,global,ovrld,common,class=COMRAM,spa
      +                          ce=1,delta=1
     9                           	psect	intsave_regs,global,class=BIGRAM,space=1,
      +                          delta=1
    10  000000                     
    11  000000                     
    12  000000                     
    13  000000                     
    14  000000                     
    15  000000                     
    16  000000                     
    17  000000                     
    18  000000                     
    19  000000                     
    20  000000                     
    21  000000                     
    22  000000                     
    23  000000                     
    24  000000                     
    25  000000                     
    26  000000                     
    27  000000                     
    28  000000                     
    29  000000                     
    30  000000                     
    31  000000                     
    32  000000                     
    33  000000                     
    34  000000                     
    35  000000                     
    36  000000                     
    37  000000                     
    38  000000                     
    39  000000                     
    40  000000                     
    41  000000                     
    42  000000                     
    43  000000                     
    44  000000                     
    45  000000                     
    46  000000                     
    47  000000                     
    48  000000                     
    49  000000                     
    50  000000                     
    51  000000                     
    52  000000                     
    53  000000                     
    54  000000                     
    55  000000                     
    56  000000                     
    57  000000                     
    58  000000                     
    59  000000                     
    60  000000                     
    61  000000                     
    62  000000                     
    63  000000                     
    64  000000                     
    65  000000                     
    66  000000                     
    67  000000                     
    68  000000                     
    69  000000                     
    70  000000                     
    71  000000                     
    72  000000                     
    73  000000                     
    74  000000                     
    75  000000                     
    76  000000                     
    77  000000                     
    78  000000                     
    79  000000                     
    80  000000                     
    81  000000                     
    82  000000                     
    83  000000                     
    84  000000                     
    85  000000                     
    86  000000                     
    87  000000                     
    88  000000                     
    89  000000                     
    90  000000                     
    91  000000                     
    92  000000                     
    93  000000                     
    94  000000                     
    95  000000                     
    96  000000                     
    97  000000                     
    98  000000                     
    99                           
   100                           	psect	__Z33902RS_
   101  000004                     
   102  000004                     
   103                           
   104                           	psect	text
   105  002EEC                     _SSP_Handler:
   106  000000                     
   107                           ;interrupt_cod.c: 42: unsigned char i;
   108  002EEC  AAC7               	btfss	4039,5,c	;volatile
   109  002EEE  B4C7               	btfsc	4039,2,c	;volatile
   110  002EF0  D00B               	goto	l20
   111  002EF2  B0C7               	btfsc	4039,0,c	;volatile
   112  002EF4  A6C7               	btfss	4039,3,c	;volatile
   113  002EF6  D008               	goto	l20
   114                           ;interrupt_cod.c: 48: {
   115  002EF8  50C9               	movf	4041,w,c	;volatile
   116  002EFA  6ED9               	movwf	fsr2l,c
   117                           ;interrupt_cod.c: 51: i2cstate_slave = 1;
   118  002EFC  0E01               	movlw	1
   119  002EFE  CFE8 F29B          	movff	wreg,_i2cstate_slave
   120                           ;interrupt_cod.c: 53: if(SSPOV)
   121  002F02  BCC6               	btfsc	4038,6,c	;volatile
   122                           ;interrupt_cod.c: 54: {
   123  002F04  9CC6               	bcf	4038,6,c	;volatile
   124                           ;interrupt_cod.c: 56: }
   125                           ;interrupt_cod.c: 62: else if(DA && !RW && BF)
   126  002F06  D082               	goto	l22
   127  002F08                     l20:
   128  002F08  BAC7               	btfsc	4039,5,c	;volatile
   129  002F0A  B4C7               	btfsc	4039,2,c	;volatile
   130  002F0C  D044               	goto	l23
   131  002F0E  A0C7               	btfss	4039,0,c	;volatile
   132  002F10  D042               	goto	l23
   133                           ;interrupt_cod.c: 63: {
   134  002F12  C29B  F000         	movff	_i2cstate_slave,btemp
   135  002F16  0400               	decf	btemp,w
   136  002F18  A4D8               	btfss	status,2,c
   137  002F1A  D006               	goto	l24
   138                           ;interrupt_cod.c: 65: {
   139  002F1C  0E02               	movlw	2
   140  002F1E  CFE8 F29B          	movff	wreg,_i2cstate_slave
   141                           ;interrupt_cod.c: 67: i2c_offset = SSPBUF;
   142  002F22  CFC9 F299          	movff	4041,_i2c_offset	;volatile
   143                           ;interrupt_cod.c: 70: }
   144  002F26  D072               	goto	l22
   145  002F28                     l24:
   146  002F28  C29B  FFE8         	movff	_i2cstate_slave,wreg
   147  002F2C  0A02               	xorlw	2
   148  002F2E  A4D8               	btfss	status,2,c
   149  002F30  D006               	goto	l26
   150                           ;interrupt_cod.c: 72: {
   151  002F32  0E03               	movlw	3
   152  002F34  CFE8 F29B          	movff	wreg,_i2cstate_slave
   153                           ;interrupt_cod.c: 74: i2c_nbdata = SSPBUF;
   154  002F38  CFC9 F298          	movff	4041,_i2c_nbdata	;volatile
   155                           ;interrupt_cod.c: 76: }
   156  002F3C  D067               	goto	l22
   157  002F3E                     l26:
   158  002F3E  C29B  FFE8         	movff	_i2cstate_slave,wreg
   159  002F42  0A03               	xorlw	3
   160  002F44  A4D8               	btfss	status,2,c
   161  002F46  D017               	goto	l28
   162                           ;interrupt_cod.c: 78: {
   163  002F48  C299  F000         	movff	_i2c_offset,btemp
   164  002F4C  6A01               	clrf	btemp+1
   165  002F4E  0EA4               	movlw	low _buffer_i2c_rx
   166  002F50  2400               	addwf	btemp,w
   167  002F52  CFE8 F036          	movff	wreg,_Master2Slave_Ptr
   168  002F56  0E02               	movlw	high _buffer_i2c_rx
   169  002F58  2001               	addwfc	btemp+1,w
   170  002F5A  CFE8 F037          	movff	wreg,_Master2Slave_Ptr+1
   171                           ;interrupt_cod.c: 80: *Master2Slave_Ptr++ = SSPB
      +                          UF;
   172  002F5E  C036  FFE9         	movff	_Master2Slave_Ptr,fsr0l
   173  002F62  C037  FFEA         	movff	_Master2Slave_Ptr+1,fsr0h
   174  002F66  CFC9 FFEF          	movff	4041,indf0	;volatile
   175  002F6A  0100               	movlb	_Master2Slave_Ptr shr (0+8)
   176  002F6C  2B36               	incf	_Master2Slave_Ptr& (0+255),f,b
   177  002F6E  0E00               	movlw	0
   178  002F70  2337               	addwfc	(_Master2Slave_Ptr+1)& (0+255),f,b
   179                           ;interrupt_cod.c: 81: i2cstate_slave = 4;
   180  002F72  0E04               	movlw	4
   181  002F74  D03B               	goto	L2
   182                           ;interrupt_cod.c: 83: }
   183  002F76                     l28:
   184  002F76  C29B  FFE8         	movff	_i2cstate_slave,wreg
   185  002F7A  0A04               	xorlw	4
   186  002F7C  A4D8               	btfss	status,2,c
   187  002F7E  D046               	goto	l22
   188                           ;interrupt_cod.c: 85: {
   189  002F80  C036  FFE9         	movff	_Master2Slave_Ptr,fsr0l
   190  002F84  C037  FFEA         	movff	_Master2Slave_Ptr+1,fsr0h
   191  002F88  CFC9 FFEF          	movff	4041,indf0	;volatile
   192  002F8C  0100               	movlb	_Master2Slave_Ptr shr (0+8)
   193  002F8E  2B36               	incf	_Master2Slave_Ptr& (0+255),f,b
   194  002F90  0E00               	movlw	0
   195  002F92  2337               	addwfc	(_Master2Slave_Ptr+1)& (0+255),f,b
   196                           ;interrupt_cod.c: 88: }
   197                           ;interrupt_cod.c: 94: else if(!DA && RW && !BF &
      +                          & START)
   198  002F94  D03B               	goto	l22
   199  002F96                     l23:
   200  002F96  AAC7               	btfss	4039,5,c	;volatile
   201  002F98  A4C7               	btfss	4039,2,c	;volatile
   202  002F9A  D008               	goto	l32
   203  002F9C  A0C7               	btfss	4039,0,c	;volatile
   204  002F9E  A6C7               	btfss	4039,3,c	;volatile
   205  002FA0  D005               	goto	l32
   206                           ;interrupt_cod.c: 95: {
   207  002FA2  0E05               	movlw	5
   208  002FA4  CFE8 F29B          	movff	wreg,_i2cstate_slave
   209                           ;interrupt_cod.c: 97: SSPBUF = 0;
   210  002FA8  6AC9               	clrf	4041,c	;volatile
   211                           ;interrupt_cod.c: 98: }
   212  002FAA  D030               	goto	l22
   213  002FAC                     l32:
   214  002FAC  BAC7               	btfsc	4039,5,c	;volatile
   215  002FAE  A4C7               	btfss	4039,2,c	;volatile
   216  002FB0  D026               	goto	l34
   217  002FB2  B0C7               	btfsc	4039,0,c	;volatile
   218  002FB4  D024               	goto	l34
   219                           ;interrupt_cod.c: 104: {
   220  002FB6  C29B  FFE8         	movff	_i2cstate_slave,wreg
   221  002FBA  0A05               	xorlw	5
   222  002FBC  A4D8               	btfss	status,2,c
   223  002FBE  D019               	goto	l35
   224                           ;interrupt_cod.c: 106: {
   225  002FC0  C299  F000         	movff	_i2c_offset,btemp
   226  002FC4  6A01               	clrf	btemp+1
   227  002FC6  0EC4               	movlw	low _buffer_i2c_tx
   228  002FC8  2400               	addwf	btemp,w
   229  002FCA  CFE8 F038          	movff	wreg,_Slave2Master_Ptr
   230  002FCE  0E02               	movlw	high _buffer_i2c_tx
   231  002FD0  2001               	addwfc	btemp+1,w
   232  002FD2  CFE8 F039          	movff	wreg,_Slave2Master_Ptr+1
   233  002FD6                     L3:
   234                           ;interrupt_cod.c: 108: SSPBUF = *Slave2Master_Pt
      +                          r++;
   235  002FD6  C038  FFE9         	movff	_Slave2Master_Ptr,fsr0l
   236  002FDA  C039  FFEA         	movff	_Slave2Master_Ptr+1,fsr0h
   237  002FDE  50EF               	movf	indf0,w,c
   238  002FE0  6EC9               	movwf	4041,c	;volatile
   239  002FE2  0100               	movlb	_Slave2Master_Ptr shr (0+8)
   240  002FE4  2B38               	incf	_Slave2Master_Ptr& (0+255),f,b
   241  002FE6  0E00               	movlw	0
   242  002FE8  2339               	addwfc	(_Slave2Master_Ptr+1)& (0+255),f,b
   243                           ;interrupt_cod.c: 109: i2cstate_slave = 6;
   244  002FEA  0E06               	movlw	6
   245  002FEC                     L2:
   246  002FEC  CFE8 F29B          	movff	wreg,_i2cstate_slave
   247                           ;interrupt_cod.c: 110: }
   248  002FF0  D00D               	goto	l22
   249  002FF2                     l35:
   250  002FF2  C29B  FFE8         	movff	_i2cstate_slave,wreg
   251  002FF6  0A06               	xorlw	6
   252  002FF8  A4D8               	btfss	status,2,c
   253  002FFA  D008               	goto	l22
   254  002FFC  D7EC               	goto	L3
   255                           ;interrupt_cod.c: 112: {
   256                           ;interrupt_cod.c: 114: i2cstate_slave = 6;
   257                           ;interrupt_cod.c: 115: }
   258                           ;interrupt_cod.c: 123: else if(DA && !RW && !BF)
   259  002FFE                     l34:
   260  002FFE  BAC7               	btfsc	4039,5,c	;volatile
   261  003000  B4C7               	btfsc	4039,2,c	;volatile
   262  003002  D002               	goto	l39
   263  003004  A0C7               	btfss	4039,0,c	;volatile
   264  003006  D002               	goto	l22
   265                           ;interrupt_cod.c: 124: {
   266  003008                     l39:
   267                           ;interrupt_cod.c: 129: {
   268  003008  50C9               	movf	4041,w,c	;volatile
   269  00300A  6ED9               	movwf	fsr2l,c
   270                           ;interrupt_cod.c: 131: }
   271  00300C                     l22:
   272                           ;interrupt_cod.c: 132: if (WCOL) WCOL = 0;
   273  00300C  BEC6               	btfsc	4038,7,c	;volatile
   274  00300E  9EC6               	bcf	4038,7,c	;volatile
   275                           ;interrupt_cod.c: 133: if (SSPOV) SSPOV = 0;
   276  003010  BCC6               	btfsc	4038,6,c	;volatile
   277  003012  9CC6               	bcf	4038,6,c	;volatile
   278                           ;interrupt_cod.c: 134: }
   279  003014  0012               	return	
   280                           ;interrupt_cod.c: 141: void INT0_Handler (void)
   281                           ;interrupt_cod.c: 142: {
   282  003016                     _INT0_Handler:
   283  000000                     
   284                           ;interrupt_cod.c: 143: INT0IE = 0;
   285  003016  98F2               	bcf	intcon,4,c
   286                           ;interrupt_cod.c: 144: TMR0IE = 0;
   287  003018  9AF2               	bcf	intcon,5,c
   288                           ;interrupt_cod.c: 145: TMR0ON = 0;
   289  00301A  9ED5               	bcf	4053,7,c
   290                           ;interrupt_cod.c: 148: TMR0 = 34285;
   291  00301C  0EED               	movlw	237
   292  00301E  6ED6               	movwf	4054,c	;volatile
   293  003020  0E85               	movlw	133
   294  003022  6ED7               	movwf	4055,c	;volatile
   295                           ;interrupt_cod.c: 149: phase_htr = 1;
   296  003024  0E01               	movlw	1
   297  003026  CFE8 F29C          	movff	wreg,_phase_htr
   298                           ;interrupt_cod.c: 150: TMR0 = 34285;
   299  00302A  0EED               	movlw	237
   300  00302C  6ED6               	movwf	4054,c	;volatile
   301  00302E  0E85               	movlw	133
   302  003030  6ED7               	movwf	4055,c	;volatile
   303                           ;interrupt_cod.c: 157: while(!TRMT);TXREG = 'I';
   304  003032                     l44:
   305  003032  A2AC               	btfss	4012,1,c	;volatile
   306  003034  D7FE               	goto	l44
   307  003036  0E49               	movlw	73
   308  003038  6EAD               	movwf	4013,c	;volatile
   309                           ;interrupt_cod.c: 160: TMR0IF = 0;
   310  00303A  94F2               	bcf	intcon,2,c	;volatile
   311                           ;interrupt_cod.c: 161: TMR0IE = 1;
   312  00303C  8AF2               	bsf	intcon,5,c
   313                           ;interrupt_cod.c: 162: INT0IF = 0;
   314  00303E  92F2               	bcf	intcon,1,c	;volatile
   315                           ;interrupt_cod.c: 163: INT0IE = 1;
   316  003040  88F2               	bsf	intcon,4,c
   317                           ;interrupt_cod.c: 164: TMR0ON = 1;
   318  003042  8ED5               	bsf	4053,7,c
   319                           ;interrupt_cod.c: 165: }
   320  003044  0012               	return	
   321                           ;interrupt_cod.c: 172: void TIMER0_Handler (void
      +                          )
   322                           ;interrupt_cod.c: 173: {
   323  003046                     _TIMER0_Handler:
   324  000000                     
   325                           ;interrupt_cod.c: 177: if (phase_htr >= 2)
   326  003046  0E01               	movlw	1
   327  003048  0102               	movlb	_phase_htr shr (0+8)
   328  00304A  659C               	cpfsgt	_phase_htr& (0+255),b
   329  00304C  D009               	goto	l48
   330                           ;interrupt_cod.c: 178: {
   331  00304E  0100               	movlb	_temporisation_raf_debug shr (0+8)
   332  003050  2B3C               	incf	_temporisation_raf_debug& (0+255),f,b
   333  003052  0E00               	movlw	0
   334  003054  233D               	addwfc	(_temporisation_raf_debug+1)& (0+255),f,
      +                          b
   335                           ;interrupt_cod.c: 180: phase_htr = 1;
   336  003056  0E01               	movlw	1
   337  003058  CFE8 F29C          	movff	wreg,_phase_htr
   338                           ;interrupt_cod.c: 181: RC3 = 0;
   339  00305C  9682               	bcf	3970,3,c	;volatile
   340                           ;interrupt_cod.c: 182: }
   341  00305E  D003               	goto	l49
   342  003060                     l48:
   343                           ;interrupt_cod.c: 184: {
   344  003060  0102               	movlb	_phase_htr shr (0+8)
   345  003062  2B9C               	incf	_phase_htr& (0+255),f,b
   346                           ;interrupt_cod.c: 186: RC3 = 1;
   347  003064  8682               	bsf	3970,3,c	;volatile
   348  003066                     l49:
   349                           ;interrupt_cod.c: 187: }
   350                           ;interrupt_cod.c: 190: TMR0 = 34285;
   351  003066  0EED               	movlw	237
   352  003068  6ED6               	movwf	4054,c	;volatile
   353  00306A  0E85               	movlw	133
   354  00306C  6ED7               	movwf	4055,c	;volatile
   355                           ;interrupt_cod.c: 191: TMR0 = 34285;
   356  00306E  0EED               	movlw	237
   357  003070  6ED6               	movwf	4054,c	;volatile
   358  003072  0E85               	movlw	133
   359  003074  6ED7               	movwf	4055,c	;volatile
   360                           ;interrupt_cod.c: 192: TMR0IF = 0;
   361  003076  94F2               	bcf	intcon,2,c	;volatile
   362                           ;interrupt_cod.c: 193: TMR0IE = 1;
   363  003078  8AF2               	bsf	intcon,5,c
   364                           ;interrupt_cod.c: 194: TMR0ON = 1;
   365  00307A  8ED5               	bsf	4053,7,c
   366                           ;interrupt_cod.c: 201: TraitementI2C();
   367  00307C  EC83  F016         	call	_TraitementI2C	;wreg free
   368                           ;interrupt_cod.c: 205: Asservissement();
   369  003080  EC9F  F001         	call	_Asservissement	;wreg free
   370                           ;interrupt_cod.c: 211: if (timeout.blocage_timeo
      +                          ut_autom == 0)
   371  003084  0100               	movlb	(_timeout+32) shr (0+8)
   372  003086  517F               	movf	(_timeout+32)& (0+255),w,b
   373  003088  1180               	iorwf	(_timeout+33)& (0+255),w,b
   374  00308A  A4D8               	btfss	status,2,c
   375  00308C  D006               	goto	l50
   376                           ;interrupt_cod.c: 212: {
   377  00308E  0100               	movlb	(_timeout+16) shr (0+8)
   378  003090  2B6F               	incf	(_timeout+16)& (0+255),f,b
   379  003092  0E00               	movlw	0
   380  003094  2370               	addwfc	(_timeout+17)& (0+255),f,b
   381  003096  2371               	addwfc	(_timeout+18)& (0+255),f,b
   382  003098  2372               	addwfc	(_timeout+19)& (0+255),f,b
   383  00309A                     l50:
   384                           ;interrupt_cod.c: 214: }
   385  00309A  0100               	movlb	(_timeout+30) shr (0+8)
   386  00309C  517D               	movf	(_timeout+30)& (0+255),w,b
   387  00309E  117E               	iorwf	(_timeout+31)& (0+255),w,b
   388  0030A0  A4D8               	btfss	status,2,c
   389  0030A2  D006               	goto	l51
   390                           ;interrupt_cod.c: 219: {
   391  0030A4  0100               	movlb	(_timeout+12) shr (0+8)
   392  0030A6  2B6B               	incf	(_timeout+12)& (0+255),f,b
   393  0030A8  0E00               	movlw	0
   394  0030AA  236C               	addwfc	(_timeout+13)& (0+255),f,b
   395  0030AC  236D               	addwfc	(_timeout+14)& (0+255),f,b
   396  0030AE  236E               	addwfc	(_timeout+15)& (0+255),f,b
   397  0030B0                     l51:
   398                           ;interrupt_cod.c: 221: }
   399  0030B0  0100               	movlb	(_timeout+28) shr (0+8)
   400  0030B2  517B               	movf	(_timeout+28)& (0+255),w,b
   401  0030B4  117C               	iorwf	(_timeout+29)& (0+255),w,b
   402  0030B6  A4D8               	btfss	status,2,c
   403  0030B8  D006               	goto	l52
   404                           ;interrupt_cod.c: 225: {
   405  0030BA  0100               	movlb	(_timeout+8) shr (0+8)
   406  0030BC  2B67               	incf	(_timeout+8)& (0+255),f,b
   407  0030BE  0E00               	movlw	0
   408  0030C0  2368               	addwfc	(_timeout+9)& (0+255),f,b
   409  0030C2  2369               	addwfc	(_timeout+10)& (0+255),f,b
   410  0030C4  236A               	addwfc	(_timeout+11)& (0+255),f,b
   411  0030C6                     l52:
   412                           ;interrupt_cod.c: 227: }
   413  0030C6  0100               	movlb	(_timeout+34) shr (0+8)
   414  0030C8  5181               	movf	(_timeout+34)& (0+255),w,b
   415  0030CA  1182               	iorwf	(_timeout+35)& (0+255),w,b
   416  0030CC  A4D8               	btfss	status,2,c
   417  0030CE  D006               	goto	l53
   418                           ;interrupt_cod.c: 231: {
   419  0030D0  0100               	movlb	(_timeout+20) shr (0+8)
   420  0030D2  2B73               	incf	(_timeout+20)& (0+255),f,b
   421  0030D4  0E00               	movlw	0
   422  0030D6  2374               	addwfc	(_timeout+21)& (0+255),f,b
   423  0030D8  2375               	addwfc	(_timeout+22)& (0+255),f,b
   424  0030DA  2376               	addwfc	(_timeout+23)& (0+255),f,b
   425  0030DC                     l53:
   426                           ;interrupt_cod.c: 233: }
   427  0030DC  EE00  F062         	lfsr	0,_timeout+3
   428  0030E0  0E00               	movlw	0
   429  0030E2  5CED               	subwf	postdec0,w,c
   430  0030E4  E108               	bnz	u455
   431  0030E6  0E00               	movlw	0
   432  0030E8  5CED               	subwf	postdec0,w,c
   433  0030EA  E105               	bnz	u455
   434  0030EC  0E0E               	movlw	14
   435  0030EE  5CED               	subwf	postdec0,w,c
   436  0030F0  E102               	bnz	u455
   437  0030F2  0E10               	movlw	16
   438  0030F4  5CEF               	subwf	indf0,w,c
   439  0030F6                     u455:
   440  0030F6  A0D8               	btfss	status,0,c
   441  0030F8  D00D               	goto	l54
   442                           ;interrupt_cod.c: 237: {
   443  0030FA  0100               	movlb	(_Strategie+8) shr (0+8)
   444  0030FC  0E01               	movlw	1
   445  0030FE  6F58               	movwf	(_Strategie+8)& (0+255),b
   446  003100  6B59               	clrf	(_Strategie+9)& (0+255),b
   447                           ;interrupt_cod.c: 240: _puts("\n\rIL MANQUE UNE 
      +                          COMMANDE!!");
   448  003102  0100               	movlb	__Lparam shr (0+8)
   449  003104  0E00               	movlw	low u19
   450  003106  6FC7               	movwf	?__puts^(__Lparam& (0+65280))
   451  003108  0E03               	movlw	high u19
   452  00310A  6FC8               	movwf	(?__puts+1)^(__Lparam& (0+65280))
   453  00310C  EC24  F01C         	call	__puts	;wreg free
   454                           ;interrupt_cod.c: 241: _CoupureAutom();
   455  003110  EFB3  F012         	goto	__CoupureAutom	;wreg free
   456                           ;interrupt_cod.c: 242: }
   457  003114                     l54:
   458                           ;interrupt_cod.c: 244: {
   459  003114  0100               	movlb	(_timeout+24) shr (0+8)
   460  003116  5177               	movf	(_timeout+24)& (0+255),w,b
   461  003118  1178               	iorwf	(_timeout+25)& (0+255),w,b
   462  00311A  A4D8               	btfss	status,2,c
   463  00311C  0012               	return	
   464                           ;interrupt_cod.c: 247: {
   465  00311E  0100               	movlb	_timeout shr (0+8)
   466  003120  2B5F               	incf	_timeout& (0+255),f,b
   467  003122  0E00               	movlw	0
   468  003124  2360               	addwfc	(_timeout+1)& (0+255),f,b
   469  003126  2361               	addwfc	(_timeout+2)& (0+255),f,b
   470  003128  2362               	addwfc	(_timeout+3)& (0+255),f,b
   471                           ;interrupt_cod.c: 249: }
   472                           ;interrupt_cod.c: 251: }
   473  00312A  0012               	return	
   474                           ;interrupt_cod.c: 258: void RX_232_Handler(void)
   475                           ;interrupt_cod.c: 259: {
   476  00312C                     _RX_232_Handler:
   477  000000                     
   478                           ;interrupt_cod.c: 260: Strategie.octet_recu_rx =
      +                           RCREG;
   479  00312C  EE00  F05A         	lfsr	0,_Strategie+10
   480  003130  CFAE FFEF          	movff	4014,indf0	;volatile
   481                           ;interrupt_cod.c: 261: }
   482  003134  0012               	return	
   483  003136                     save:
   484  003136  CFE9 F2FE          	movff	fsr0l,saved_regsh+25
   485  00313A  CFEA F2FD          	movff	fsr0h,saved_regsh+24
   486  00313E  CFE1 F2FC          	movff	fsr1l,saved_regsh+23
   487  003142  CFE2 F2FB          	movff	fsr1h,saved_regsh+22
   488  003146  CFD9 F2FA          	movff	fsr2l,saved_regsh+21
   489  00314A  CFDA F2F9          	movff	fsr2h,saved_regsh+20
   490  00314E  C00E  F2F8         	movff	btemp+14,saved_regsh+19
   491  003152  C00D  F2F7         	movff	btemp+13,saved_regsh+18
   492  003156  C00C  F2F6         	movff	btemp+12,saved_regsh+17
   493  00315A  C00B  F2F5         	movff	btemp+11,saved_regsh+16
   494  00315E  C00A  F2F4         	movff	btemp+10,saved_regsh+15
   495  003162  C009  F2F3         	movff	btemp+9,saved_regsh+14
   496  003166  C008  F2F2         	movff	btemp+8,saved_regsh+13
   497  00316A  C007  F2F1         	movff	btemp+7,saved_regsh+12
   498  00316E  C006  F2F0         	movff	btemp+6,saved_regsh+11
   499  003172  C005  F2EF         	movff	btemp+5,saved_regsh+10
   500  003176  C004  F2EE         	movff	btemp+4,saved_regsh+9
   501  00317A  C003  F2ED         	movff	btemp+3,saved_regsh+8
   502  00317E  C002  F2EC         	movff	btemp+2,saved_regsh+7
   503  003182  C001  F2EB         	movff	btemp+1,saved_regsh+6
   504  003186  C000  F2EA         	movff	btemp,saved_regsh+5
   505  00318A  CFF7 F2E9          	movff	tblptrh,saved_regsh+4
   506  00318E  CFF6 F2E8          	movff	tblptrl,saved_regsh+3
   507  003192  CFF5 F2E7          	movff	tablat,saved_regsh+2
   508  003196  CFF4 F2E6          	movff	prodh,saved_regsh+1
   509  00319A  CFF3 F2E5          	movff	prodl,saved_regsh
   510                           ;interrupt_cod.c: 270: void interrupt HI_ISR(voi
      +                          d)
   511                           ;interrupt_cod.c: 271: {
   512  00319E                     _HI_ISR:
   513  00319E                     int_func:
   514  000000                     
   515                           ;interrupt_cod.c: 275: if((INT0IE)&&(INT0IF))
   516  00319E  B8F2               	btfsc	intcon,4,c
   517  0031A0  A2F2               	btfss	intcon,1,c	;volatile
   518  0031A2  D004               	goto	l59
   519                           ;interrupt_cod.c: 276: {
   520  0031A4  98F2               	bcf	intcon,4,c
   521                           ;interrupt_cod.c: 280: INT0_Handler();
   522  0031A6  DF37               	call	_INT0_Handler	;wreg free
   523                           ;interrupt_cod.c: 282: INT0IF = 0;
   524  0031A8  92F2               	bcf	intcon,1,c	;volatile
   525                           ;interrupt_cod.c: 283: INT0IE = 1;
   526  0031AA  88F2               	bsf	intcon,4,c
   527  0031AC                     l59:
   528                           ;interrupt_cod.c: 284: }
   529  0031AC  B69D               	btfsc	3997,3,c
   530  0031AE  A69E               	btfss	3998,3,c	;volatile
   531  0031B0  D007               	goto	l60
   532  0031B2  A69F               	btfss	3999,3,c
   533  0031B4  D005               	goto	l60
   534                           ;interrupt_cod.c: 290: {
   535  0031B6  969D               	bcf	3997,3,c
   536                           ;interrupt_cod.c: 294: SSP_Handler();
   537  0031B8  DE99               	call	_SSP_Handler	;wreg free
   538                           ;interrupt_cod.c: 296: CKP = 1;
   539  0031BA  88C6               	bsf	4038,4,c
   540                           ;interrupt_cod.c: 297: SSPIF = 0;
   541  0031BC  969E               	bcf	3998,3,c	;volatile
   542                           ;interrupt_cod.c: 298: SSPIE = 1;
   543  0031BE  869D               	bsf	3997,3,c
   544  0031C0                     l60:
   545                           ;interrupt_cod.c: 299: }
   546  0031C0  BA9D               	btfsc	3997,5,c
   547  0031C2  AA9E               	btfss	3998,5,c	;volatile
   548  0031C4  D006               	goto	l61
   549  0031C6  AA9F               	btfss	3999,5,c
   550  0031C8  D004               	goto	l61
   551                           ;interrupt_cod.c: 305: {
   552  0031CA  9A9D               	bcf	3997,5,c
   553                           ;interrupt_cod.c: 309: RX_232_Handler();
   554  0031CC  DFAF               	call	_RX_232_Handler	;wreg free
   555                           ;interrupt_cod.c: 311: RCIF = 0;
   556  0031CE  9A9E               	bcf	3998,5,c	;volatile
   557                           ;interrupt_cod.c: 312: RCIE = 1;
   558  0031D0  8A9D               	bsf	3997,5,c
   559  0031D2                     l61:
   560                           ;interrupt_cod.c: 313: }
   561  0031D2  BAF2               	btfsc	intcon,5,c
   562  0031D4  A4F2               	btfss	intcon,2,c	;volatile
   563  0031D6  D004               	goto	restore
   564  0031D8  A4F1               	btfss	intcon2,2,c
   565  0031DA  D002               	goto	restore
   566                           ;interrupt_cod.c: 319: {
   567  0031DC  9AF2               	bcf	intcon,5,c
   568                           ;interrupt_cod.c: 323: TIMER0_Handler();
   569  0031DE  DF33               	call	_TIMER0_Handler	;wreg free
   570                           ;interrupt_cod.c: 327: }
   571  0031E0                     restore:
   572  0031E0  C2E5  FFF3         	movff	saved_regsh,prodl
   573  0031E4  C2E6  FFF4         	movff	saved_regsh+1,prodh
   574  0031E8  C2E7  FFF5         	movff	saved_regsh+2,tablat
   575  0031EC  C2E8  FFF6         	movff	saved_regsh+3,tblptrl
   576  0031F0  C2E9  FFF7         	movff	saved_regsh+4,tblptrh
   577  0031F4  C2EA  F000         	movff	saved_regsh+5,btemp
   578  0031F8  C2EB  F001         	movff	saved_regsh+6,btemp+1
   579  0031FC  C2EC  F002         	movff	saved_regsh+7,btemp+2
   580  003200  C2ED  F003         	movff	saved_regsh+8,btemp+3
   581  003204  C2EE  F004         	movff	saved_regsh+9,btemp+4
   582  003208  C2EF  F005         	movff	saved_regsh+10,btemp+5
   583  00320C  C2F0  F006         	movff	saved_regsh+11,btemp+6
   584  003210  C2F1  F007         	movff	saved_regsh+12,btemp+7
   585  003214  C2F2  F008         	movff	saved_regsh+13,btemp+8
   586  003218  C2F3  F009         	movff	saved_regsh+14,btemp+9
   587  00321C  C2F4  F00A         	movff	saved_regsh+15,btemp+10
   588  003220  C2F5  F00B         	movff	saved_regsh+16,btemp+11
   589  003224  C2F6  F00C         	movff	saved_regsh+17,btemp+12
   590  003228  C2F7  F00D         	movff	saved_regsh+18,btemp+13
   591  00322C  C2F8  F00E         	movff	saved_regsh+19,btemp+14
   592  003230  C2F9  FFDA         	movff	saved_regsh+20,fsr2h
   593  003234  C2FA  FFD9         	movff	saved_regsh+21,fsr2l
   594  003238  C2FB  FFE2         	movff	saved_regsh+22,fsr1h
   595  00323C  C2FC  FFE1         	movff	saved_regsh+23,fsr1l
   596  003240  C2FD  FFEA         	movff	saved_regsh+24,fsr0h
   597  003244  C2FE  FFE9         	movff	saved_regsh+25,fsr0l
   598  003248  C2FF  FFFA         	movff	saved_regsh+26,pclath
   599  00324C  0011               	retfie		f
   600  00324E                     savelo:
   601                           ;interrupt_cod.c: 337: void interrupt low_priori
      +                          ty LOW_ISR(void)
   602                           ;interrupt_cod.c: 338: {
   603  00324E                     _LOW_ISR:
   604  00324E                     int_funclo:
   605  000000                     
   606                           ;interrupt_cod.c: 339: if((TXIE)&&(TXIF)&&(!TXIP
      +                          ))
   607  00324E  B89D               	btfsc	3997,4,c
   608                           ;interrupt_cod.c: 340: {
   609  003250                     restorelo:
   610  003250  C2E4  FFD8         	movff	saved_regsl,status
   611  003254  0010               	retfie	
   612                           
   613                           	psect	intcode
   614  000008  CFFA F2FF          	movff	pclath,saved_regsh+26
   615  00000C  EF9B  F018         	goto	save
   616                           
   617                           	psect	intcodelo
   618  000018  CFD8 F2E4          	movff	status,saved_regsl
   619  00001C  EF27  F019         	goto	int_funclo
   620                           
   621                           	psect	const
   622  000300                     u19:
   623  000300  0A                 	db	10
   624  000301  0D                 	db	13
   625  000302  49                 	db	73	;'I'
   626  000303  4C                 	db	76	;'L'
   627  000304  20                 	db	32
   628  000305  4D                 	db	77	;'M'
   629  000306  41                 	db	65	;'A'
   630  000307  4E                 	db	78	;'N'
   631  000308  51                 	db	81	;'Q'
   632  000309  55                 	db	85	;'U'
   633  00030A  45                 	db	69	;'E'
   634  00030B  20                 	db	32
   635  00030C  55                 	db	85	;'U'
   636  00030D  4E                 	db	78	;'N'
   637  00030E  45                 	db	69	;'E'
   638  00030F  20                 	db	32
   639  000310  43                 	db	67	;'C'
   640  000311  4F                 	db	79	;'O'
   641  000312  4D                 	db	77	;'M'
   642  000313  4D                 	db	77	;'M'
   643  000314  41                 	db	65	;'A'
   644  000315  4E                 	db	78	;'N'
   645  000316  44                 	db	68	;'D'
   646  000317  45                 	db	69	;'E'
   647  000318  21                 	db	33
   648  000319  21                 	db	33
   649  00031A  00                 	db	0
   650  000000                     
   651  000000                     
   652  000000                     
   653  000000                     
   654  000000                     
   655  000000                     
   656  000000                     
   657  000000                     
   658  000000                     
   659  000000                     
   660  000000                     
   661  000000                     
   662  000000                     
   663  000000                     
   664  000000                     
   665  000000                     
   666  000000                     
   667  000000                     
   668  000000                     
   669  000000                     
   670  000000                     
   671  000000                     
   672  000000                     
   673  000000                     
   674  000000                     
   675  000000                     
   676  000000                     
   677  000000                     
   678  000000                     
   679  000000                     
   680  000000                     
   681  000000                     
   682  000000                     
   683  000000                     
   684  000000                     
   685  000000                     
   686  000000                     
   687  000000                     
   688  000000                     
   689  000000                     
   690  000000                     
   691  000000                     
   692  000000                     
   693  000000                     
   694  000000                     
   695  000000                     
   696  000000                     
   697  000000                     
   698  000000                     
   699  000000                     
   700  000000                     
   701  000000                     
   702  000000                     
   703  000000                     
   704  000000                     
   705  000000                     
   706  000000                     
   707  000000                     
   708  000000                     
   709  000000                     
   710  000000                     
   711  000000                     
   712  000000                     
   713  000000                     
   714  000000                     
   715  000000                     
   716  000000                     
   717  000000                     
   718  000000                     
   719  000000                     
   720  000000                     
   721  000000                     
   722  000000                     
   723  000000                     
   724  000000                     
   725  000000                     
   726  000000                     
   727  000000                     
   728  000000                     
   729  000000                     
   730  000000                     
   731  000000                     
   732  000000                     
   733  000000                     
   734  000000                     
   735  000000                     
   736  000000                     
   737  000000                     
   738  000000                     
   739  000000                     
   740  000000                     
   741  000000                     
   742  000000                     
   743  000000                     
   744  000000                     
   745  000000                     
   746  000000                     
   747  000000                     
   748  000000                     
   749  000000                     
   750  000000                     
   751  000000                     
   752  000000                     
   753  000000                     
   754  000000                     
   755  000000                     
   756  000000                     
   757  000000                     
   758  000000                     
   759  000000                     
   760  000000                     
   761  000000                     
   762  000000                     
   763  000000                     
   764  000000                     
   765  000000                     
   766  000000                     
   767  000000                     
   768  000000                     
   769  000000                     
   770  000000                     
   771  000000                     
   772  000000                     
   773  000000                     
   774  000000                     
   775  000000                     
   776  000000                     
   777  000000                     
   778  000000                     
   779  000000                     
   780  000000                     
   781  000000                     
   782  000000                     
   783  000000                     
   784  000000                     
   785  000000                     
   786  000000                     
   787  000000                     
   788  000000                     
   789  000000                     
   790  000000                     
   791  000000                     
   792  000000                     
   793  000000                     
   794  000000                     
   795  000000                     
   796  000000                     
   797  000000                     
   798  000000                     
   799  000000                     
   800  000000                     
   801  000000                     
   802  000000                     
   803  000000                     
   804  000000                     
   805  000000                     
   806  000000                     
   807  000000                     
   808  000000                     
   809  000000                     
   810  000000                     
   811  000000                     
   812  000000                     
   813  000000                     
   814  000000                     
   815  000000                     
   816  000000                     
   817  000000                     
   818  000000                     
   819  000000                     
   820  000000                     
   821  000000                     
   822  000000                     
   823  000000                     
   824  000000                     
   825  000000                     
   826  000000                     
   827  000000                     
   828  000000                     
   829  000000                     
   830  000000                     
   831  000000                     
   832  000000                     
   833  000000                     
   834  000000                     
   835  000000                     
   836  000000                     
   837  000000                     
   838  000000                     
   839  000000                     
   840  000000                     
   841  000000                     
   842  000000                     
   843  000000                     
   844  000000                     
   845  000000                     
   846  000000                     
   847  000000                     
   848  000000                     
   849  000000                     
   850  000000                     
   851  000000                     
   852  000000                     
   853  000000                     
   854  000000                     
   855  000000                     
   856  000000                     
   857  000000                     
   858  000000                     
   859  000000                     
   860  000000                     
   861  000000                     
   862  000000                     
   863  000000                     
   864  000000                     
   865  000000                     
   866  000000                     
   867  000000                     
   868  000000                     
   869  000000                     
   870  000000                     
   871  000000                     
   872  000000                     
   873  000000                     
   874  000000                     
   875  000000                     
   876  000000                     
   877  000000                     
   878  000000                     
   879  000000                     
   880  000000                     
   881  000000                     
   882  000000                     
   883  000000                     
   884  000000                     
   885  000000                     
   886  000000                     
   887  000000                     
   888  000000                     
   889  000000                     
   890  000000                     
   891  000000                     
   892  000000                     
   893  000000                     
   894  000000                     
   895  000000                     
   896  000000                     
   897  000000                     
   898  000000                     
   899  000000                     
   900  000000                     
   901  000000                     
   902  000000                     
   903  000000                     
   904  000000                     
   905  000000                     
   906  000000                     
   907  000000                     
   908  000000                     
   909  000000                     
   910  000000                     
   911  000000                     
   912  000000                     
   913  000000                     
   914  000000                     
   915  000000                     
   916  000000                     
   917  000000                     
   918  000000                     
   919  000000                     
   920  000000                     
   921  000000                     
   922  000000                     
   923  000000                     
   924  000000                     
   925  000000                     
   926  000000                     
   927  000000                     
   928  000000                     
   929  000000                     
   930  000000                     
   931  000000                     
   932  000000                     
   933  000000                     
   934  000000                     
   935  000000                     
   936  000000                     
   937  000000                     
   938  000000                     
   939  000000                     
   940  000000                     
   941  000000                     
   942  000000                     
   943  000000                     
   944  000000                     
   945  000000                     
   946  000000                     
   947  000000                     
   948  000000                     
   949  000000                     
   950  000000                     
   951  000000                     
   952  000000                     
   953  000000                     
   954  000000                     
   955  000000                     
   956  000000                     
   957  000000                     
   958  000000                     
   959  000000                     
   960  000000                     
   961  000000                     
   962  000000                     
   963  000000                     
   964  000000                     
   965  000000                     
   966  000000                     
   967  000000                     
   968  000000                     
   969  000000                     
   970  000000                     
   971  000000                     
   972  000000                     
   973  000000                     
   974  000000                     
   975  000000                     
   976  000000                     
   977  000000                     
   978  000000                     
   979  000000                     
   980  000000                     
   981  000000                     
   982  000000                     
   983  000000                     
   984  000000                     
   985  000000                     
   986  000000                     
   987  000000                     
   988  000000                     
   989  000000                     
   990  000000                     
   991  000000                     
   992  000000                     
   993  000000                     
   994  000000                     
   995  000000                     
   996  000000                     
   997  000000                     
   998  000000                     
   999  000000                     
  1000  000000                     
  1001  000000                     
  1002  000000                     
  1003  000000                     
  1004  000000                     
  1005  000000                     
  1006  000000                     
  1007  000000                     
  1008  000000                     
  1009  000000                     
  1010  000000                     
  1011  000000                     
  1012  000000                     
  1013  000000                     
  1014  000000                     
  1015  000000                     
  1016  000000                     
  1017  000000                     
  1018  000000                     
  1019  000000                     
  1020  000000                     
  1021  000000                     
  1022  000000                     
  1023  000000                     
  1024  000000                     
  1025  000000                     
  1026  000000                     
  1027  000000                     
  1028  000000                     
  1029  000000                     
  1030  000000                     
  1031  000000                     
  1032  000000                     
  1033  000000                     
  1034  000000                     
  1035  000000                     
  1036  000000                     
  1037  000000                     
  1038  000000                     
  1039  000000                     
  1040  000000                     
  1041  000000                     
  1042  000000                     
  1043  000000                     
  1044  000000                     
  1045  000000                     
  1046  000000                     
  1047  000000                     
  1048  000000                     
  1049  000000                     
  1050  000000                     
  1051  000000                     
  1052  000000                     
  1053  000000                     
  1054  000000                     
  1055  000000                     
  1056  000000                     
  1057  000000                     
  1058  000000                     
  1059  000000                     
  1060  000000                     
  1061  000000                     
  1062  000000                     
  1063  000000                     
  1064  000000                     
  1065  000000                     
  1066  000000                     
  1067  000000                     
  1068  000000                     
  1069  000000                     
  1070  000000                     
  1071  000000                     
  1072  000000                     
  1073  000000                     
  1074  000000                     
  1075  000000                     
  1076  000000                     
  1077  000000                     
  1078  000000                     
  1079  000000                     
  1080  000000                     
  1081  000000                     
  1082  000000                     
  1083  000000                     
  1084  000000                     
  1085  000000                     
  1086  000000                     
  1087  000000                     
  1088  000000                     
  1089  000000                     
  1090  000000                     
  1091  000000                     
  1092  000000                     
  1093  000000                     
  1094  000000                     
  1095  000000                     
  1096  000000                     
  1097  000000                     
  1098  000000                     
  1099  000000                     
  1100  000000                     
  1101  000000                     
  1102  000000                     
  1103  000000                     
  1104  000000                     
  1105  000000                     
  1106  000000                     
  1107  000000                     
  1108  000000                     
  1109  000000                     
  1110  000000                     
  1111  000000                     
  1112  000000                     
  1113  000000                     
  1114  000000                     
  1115  000000                     
  1116  000000                     
  1117  000000                     
  1118  000000                     
  1119  000000                     
  1120  000000                     
  1121  000000                     
  1122  000000                     
  1123  000000                     
  1124  000000                     
  1125  000000                     
  1126  000000                     
  1127  000000                     
  1128  000000                     
  1129  000000                     
  1130  000000                     
  1131  000000                     
  1132  000000                     
  1133  000000                     
  1134  000000                     
  1135  000000                     
  1136  000000                     
  1137  000000                     
  1138  000000                     
  1139  000000                     
  1140  000000                     
  1141  000000                     
  1142  000000                     
  1143  000000                     
  1144  000000                     
  1145  000000                     
  1146  000000                     
  1147  000000                     
  1148  000000                     
  1149  000000                     
  1150  000000                     
  1151  000000                     
  1152  000000                     
  1153  000000                     
  1154  000000                     
  1155  000000                     
  1156  000000                     
  1157  000000                     
  1158  000000                     
  1159  000000                     
  1160  000000                     
  1161  000000                     
  1162  000000                     
  1163  000000                     
  1164  000000                     
  1165  000000                     
  1166  000000                     
  1167  000000                     
  1168  000000                     
  1169  000000                     
  1170  000000                     
  1171  000000                     
  1172  000000                     
  1173  000000                     
  1174  000000                     
  1175  000000                     
  1176  000000                     
  1177  000000                     
  1178  000000                     
  1179  000000                     
  1180  000000                     
  1181  000000                     
  1182  000000                     
  1183  000000                     
  1184  000000                     
  1185  000000                     
  1186  000000                     
  1187  000000                     
  1188  000000                     
  1189  000000                     
  1190  000000                     
  1191  000000                     
  1192  000000                     
  1193  000000                     
  1194  000000                     
  1195  000000                     
  1196  000000                     
  1197  000000                     
  1198  000000                     
  1199  000000                     
  1200  000000                     
  1201  000000                     
  1202  000000                     
  1203  000000                     
  1204  000000                     
  1205  000000                     
  1206  000000                     
  1207  000000                     
  1208  000000                     
  1209  000000                     
  1210  000000                     
  1211  000000                     
  1212  000000                     
  1213  000000                     
  1214  000000                     
  1215  000000                     
  1216  000000                     
  1217  000000                     
  1218  000000                     
  1219  000000                     
  1220  000000                     
  1221  000000                     
  1222  000000                     
  1223  000000                     
  1224  000000                     
  1225  000000                     
  1226  000000                     
  1227  000000                     
  1228  000000                     
  1229  000000                     
  1230  000000                     
  1231  000000                     
  1232  000000                     
  1233  000000                     
  1234  000000                     
  1235  000000                     
  1236  000000                     
  1237  000000                     
  1238  000000                     
  1239  000000                     
  1240  000000                     
  1241  000000                     
  1242  000000                     
  1243  000000                     
  1244  000000                     
  1245  000000                     
  1246  000000                     
  1247  000000                     
  1248  000000                     
  1249  000000                     
  1250  000000                     
  1251  000000                     
  1252  000000                     
  1253  000000                     
  1254  000000                     
  1255  000000                     
  1256  000000                     
  1257  000000                     
  1258  000000                     
  1259  000000                     
  1260  000000                     
  1261  000000                     
  1262  000000                     
  1263  000000                     
  1264  000000                     
  1265  000000                     
  1266  000000                     
  1267  000000                     
  1268  000000                     
  1269  000000                     
  1270  000000                     
  1271  000000                     
  1272  000000                     
  1273  000000                     
  1274  000000                     
  1275  000000                     
  1276  000000                     
  1277  000000                     
  1278  000000                     
  1279  000000                     
  1280  000000                     
  1281  000000                     
  1282  000000                     
  1283  000000                     
  1284  000000                     
  1285  000000                     
  1286  000000                     
  1287                           
  1288                           	psect	temp
  1289  000000                     btemp:
  1290  000000                     	ds	15
  1291                           
  1292                           	psect	intsave_regs
  1293  0002E4                     saved_regsl:
  1294  0002E4                     	ds	1
  1295  0002E4                     saved_regsh:
  1296  0002E4                     	ds	27
  1297                           pclath	equ	0xFFA
  1298                           tblptrh	equ	0xFF7
  1299                           tblptrl	equ	0xFF6
  1300                           tablat	equ	0xFF5
  1301                           prodh	equ	0xFF4
  1302                           prodl	equ	0xFF3
  1303                           intcon	equ	0xFF2
  1304                           intcon2	equ	0xFF1
  1305                           indf0	equ	0xFEF
  1306                           postdec0	equ	0xFED
  1307                           fsr0h	equ	0xFEA
  1308                           fsr0l	equ	0xFE9
  1309                           wreg	equ	0xFE8
  1310                           fsr1h	equ	0xFE2
  1311                           fsr1l	equ	0xFE1
  1312                           fsr2h	equ	0xFDA
  1313                           fsr2l	equ	0xFD9
  1314                           status	equ	0xFD8


HI-TECH Software PICC-18 Macro Assembler V8.35PL3
Symbol Table                                           Fri May 14 07:16:25 2010

         _RX_232_Handler 312C                       l20 2F08  
                     l22 300C                       l23 2F96  
                     l32 2FAC                       l24 2F28  
                     l50 309A                       l34 2FFE  
                     l26 2F3E                       l51 30B0  
                     l35 2FF2                       l60 31C0  
                     l52 30C6                       l44 3032  
                     l28 2F76                       l61 31D2  
                     l53 30DC                       l54 3114  
                     l39 3008                       l48 3060  
                     l49 3066                       l59 31AC  
                     u19 0300           _TIMER0_Handler 3046  
                    u455 30F6                      save 3136  
                    wreg 000FE8                _Strategie 0050  
                   fsr0h 000FEA                     fsr1h 000FE2  
                   indf0 000FEF                     fsr0l 000FE9  
                   fsr2h 000FDA                     fsr1l 000FE1  
                   fsr2l 000FD9                     btemp 0000  
                   prodh 000FF4                     prodl 000FF3  
             used_btemp0 0001               used_btemp1 0001  
             used_btemp2 0001               used_btemp3 0001  
             used_btemp4 0001               used_btemp5 0001  
             used_btemp6 0001               used_btemp7 0001  
             used_btemp8 0001               used_btemp9 0001  
                _LOW_ISR 324E                    __puts 3848  
                  pclath 000FFA                    tablat 000FF5  
_temporisation_raf_debug 003C                    savelo 324E  
         _Asservissement 033E                    status 000FD8  
       _Slave2Master_Ptr 0038                _phase_htr 029C  
                __Lparam 0083         _Master2Slave_Ptr 0036  
               restorelo 3250             _INT0_Handler 3016  
                __ramtop 0300                  _timeout 005F  
                 ?__puts 00C7                   _HI_ISR 319E  
                int_func 319E              used_btemp10 0001  
            used_btemp11 0001              used_btemp12 0001  
            used_btemp13 0001              used_btemp14 0001  
          _buffer_i2c_rx 02A4            _buffer_i2c_tx 02C4  
                postdec0 000FED            _TraitementI2C 2D06  
             _i2c_nbdata 0298               _i2c_offset 0299  
              int_funclo 324E              _SSP_Handler 2EEC  
         _i2cstate_slave 029B                   tblptrh 000FF7  
                 tblptrl 000FF6                   restore 31E0  
          __CoupureAutom 2566               saved_regsh 02E5  
             saved_regsl 02E4                saved_bsrh 000F  
              saved_bsrl 0010  
