

HI-TECH Software PICC-18 Macro Assembler V8.35PL3
Serial number: HCPIC18-33902                           Fri May 14 07:16:27 2010

Licensed to: HOME VER
     1                           	processor	18F2431
     2                           	opt	pw 80
     3                           	psect	__Z33902RS_,global,delta=1
     4                           	psect	text,global,reloc=2,class=CODE,delta=1
     5                           	psect	rbit,global,bit,common,class=COMRAM,space
      +                          =1,delta=1
     6                           	psect	bigbss,global,class=BIGRAM,space=1,delta=
      +                          1
     7                           	psect	bss,global,class=RAM,space=1,delta=1
     8                           	psect	intsave_regs,global,class=BIGRAM,space=1,
      +                          delta=1
     9  000000                     
    10  000000                     
    11  000000                     
    12  000000                     
    13  000000                     
    14  000000                     
    15  000000                     
    16  000000                     
    17  000000                     
    18  000000                     
    19  000000                     
    20  000000                     
    21  000000                     
    22  000000                     
    23  000000                     
    24  000000                     
    25  000000                     
    26  000000                     
    27  000000                     
    28  000000                     
    29  000000                     
    30  000000                     
    31  000000                     
    32  000000                     
    33  000000                     
    34  000000                     
    35  000000                     
    36  000000                     
    37  000000                     
    38  000000                     
    39  000000                     
    40  000000                     
    41  000000                     
    42  000000                     
    43  000000                     
    44  000000                     
    45  000000                     
    46  000000                     
    47  000000                     
    48  000000                     
    49  000000                     
    50  000000                     
    51  000000                     
    52  000000                     
    53  000000                     
    54  000000                     
    55  000000                     
    56  000000                     
    57  000000                     
    58  000000                     
    59  000000                     
    60  000000                     
    61  000000                     
    62  000000                     
    63  000000                     
    64  000000                     
    65  000000                     
    66  000000                     
    67  000000                     
    68  000000                     
    69  000000                     
    70  000000                     
    71  000000                     
    72  000000                     
    73  000000                     
    74  000000                     
    75  000000                     
    76  000000                     
    77  000000                     
    78  000000                     
    79  000000                     
    80  000000                     
    81  000000                     
    82  000000                     
    83  000000                     
    84  000000                     
    85  000000                     
    86  000000                     
    87  000000                     
    88  000000                     
    89  000000                     
    90  000000                     
    91  000000                     
    92  000000                     
    93  000000                     
    94  000000                     
    95  000000                     
    96  000000                     
    97  000000                     
    98                           
    99                           	psect	__Z33902RS_
   100  000004                     
   101  000004                     
   102                           
   103                           	psect	text
   104  003EBE                     _main:
   105  000000                     
   106                           ;main_cod.c: 48: g_config_mat();
   107  003EBE  EC5D  F01B         	call	_g_config_mat	;wreg free
   108                           ;main_cod.c: 51: a_init_log();
   109  003EC2  EC62  F014         	call	_a_init_log	;wreg free
   110                           ;main_cod.c: 56: TraitementPrincipal();
   111  003EC6  EC5D  F00F         	call	_TraitementPrincipal	;wreg free
   112                           ;main_cod.c: 59: while(1);
   113  003ECA                     l20:
   114  003ECA  D7FF               	goto	l20
   115                           
   116                           	psect	rbit
   117  000088                     _flag_phase_htr:
   118  000088                     	ds	1
   119  000000                     
   120  000000                     
   121  000000                     
   122  000000                     
   123  000000                     
   124  000000                     
   125  000000                     
   126  000000                     
   127  000000                     
   128  000000                     
   129  000000                     
   130  000000                     
   131  000000                     
   132  000000                     
   133  000000                     
   134  000000                     
   135  000000                     
   136  000000                     
   137  000000                     
   138  000000                     
   139  000000                     
   140  000000                     
   141  000000                     
   142  000000                     
   143  000000                     
   144  000000                     
   145  000000                     
   146  000000                     
   147  000000                     
   148  000000                     
   149  000000                     
   150  000000                     
   151  000000                     
   152  000000                     
   153  000000                     
   154  000000                     
   155  000000                     
   156  000000                     
   157  000000                     
   158  000000                     
   159  000000                     
   160  000000                     
   161  000000                     
   162  000000                     
   163  000000                     
   164  000000                     
   165  000000                     
   166  000000                     
   167  000000                     
   168  000000                     
   169  000000                     
   170  000000                     
   171  000000                     
   172  000000                     
   173  000000                     
   174  000000                     
   175  000000                     
   176  000000                     
   177  000000                     
   178  000000                     
   179  000000                     
   180  000000                     
   181  000000                     
   182  000000                     
   183  000000                     
   184  000000                     
   185  000000                     
   186  000000                     
   187  000000                     
   188  000000                     
   189  000000                     
   190  000000                     
   191  000000                     
   192  000000                     
   193  000000                     
   194  000000                     
   195  000000                     
   196  000000                     
   197  000000                     
   198  000000                     
   199  000000                     
   200  000000                     
   201  000000                     
   202  000000                     
   203  000000                     
   204  000000                     
   205  000000                     
   206  000000                     
   207  000000                     
   208  000000                     
   209  000000                     
   210  000000                     
   211  000000                     
   212  000000                     
   213  000000                     
   214  000000                     
   215  000000                     
   216  000000                     
   217  000000                     
   218  000000                     
   219  000000                     
   220  000000                     
   221  000000                     
   222  000000                     
   223  000000                     
   224  000000                     
   225  000000                     
   226  000000                     
   227  000000                     
   228  000000                     
   229  000000                     
   230  000000                     
   231  000000                     
   232  000000                     
   233  000000                     
   234  000000                     
   235  000000                     
   236  000000                     
   237  000000                     
   238  000000                     
   239  000000                     
   240  000000                     
   241  000000                     
   242  000000                     
   243  000000                     
   244  000000                     
   245  000000                     
   246  000000                     
   247  000000                     
   248  000000                     
   249  000000                     
   250  000000                     
   251  000000                     
   252  000000                     
   253  000000                     
   254  000000                     
   255  000000                     
   256  000000                     
   257  000000                     
   258  000000                     
   259  000000                     
   260  000000                     
   261  000000                     
   262  000000                     
   263  000000                     
   264  000000                     
   265                           
   266                           	psect	bigbss
   267  000296                     _erreur_htr:
   268  000296                     	ds	1
   269  000296                     _flag_carte_seule:
   270  000296                     	ds	1
   271  000296                     _i2c_nbdata:
   272  000296                     	ds	1
   273  000296                     _i2c_offset:
   274  000296                     	ds	1
   275  000296                     _i2c_slave_node_addr:
   276  000296                     	ds	1
   277  000296                     _i2cstate_slave:
   278  000296                     	ds	1
   279  000296                     _phase_htr:
   280  000296                     	ds	1
   281  000296                     _phase_htr_temp:
   282  000296                     	ds	1
   283  000000                     
   284  000000                     
   285  000000                     
   286  000296                     _digits:
   287  000296                     	ds	6
   288  000296                     _buffer_i2c_rx:
   289  000296                     	ds	32
   290  000296                     _buffer_i2c_tx:
   291  000296                     	ds	32
   292                           
   293                           	psect	bss
   294  000036                     _Master2Slave_Ptr:
   295  000036                     	ds	2
   296  000036                     _Slave2Master_Ptr:
   297  000036                     	ds	2
   298  000000                     
   299  000000                     
   300  000000                     
   301  000036                     _periode_us:
   302  000036                     	ds	2
   303  000036                     _temporisation_raf_debug:
   304  000036                     	ds	2
   305  000036                     _timer_htr:
   306  000036                     	ds	2
   307  000036                     _traitement_i2c_cpt_octet:
   308  000036                     	ds	2
   309  000036                     _traitement_i2c_nb_octet:
   310  000036                     	ds	2
   311  000036                     _val_phase_htr_reste:
   312  000036                     	ds	2
   313  000036                     _val_timer0:
   314  000036                     	ds	2


HI-TECH Software PICC-18 Macro Assembler V8.35PL3
Symbol Table                                           Fri May 14 07:16:27 2010

              _periode_us 003A                        l20 3ECA  
              _val_timer0 0046       _TraitementPrincipal 1EBA  
                    _main 3EBE                      start 0020  
            _g_config_mat 36BA                  clear_big 0020  
                clear_bit 002C                  clear_bss 0038  
              _a_init_log 28C4   _temporisation_raf_debug 003C  
_traitement_i2c_cpt_octet 0040          _Slave2Master_Ptr 0038  
               _phase_htr 029C            _phase_htr_temp 029D  
     _i2c_slave_node_addr 029A                   __Lparam 0083  
        _Master2Slave_Ptr 0036                   __ramtop 0300  
               _timer_htr 003E            _flag_phase_htr 0088  
 _traitement_i2c_nb_octet 0042          _flag_carte_seule 0297  
           _buffer_i2c_rx 02A4             _buffer_i2c_tx 02C4  
                  _digits 029E                _i2c_nbdata 0298  
              _i2c_offset 0299       _val_phase_htr_reste 0044  
          _i2cstate_slave 029B                _erreur_htr 0296  
